((pre_include ./)

 (inclusion a level1
  (with-baddot ./))

 (inclusion x level2
  (with-baddot ./))

 (level-2-baddot ./)

 (inclusion y level2
  (with-baddot ./))

 (inclusion b level1 ./)

 (post_include ./))
