Package
  Name:        cargo-examples
  Version:     0.5.0
  Authors:
      Richard Hoz√°k
  Edition:     2021
  License:     MIT OR Apache-2.0
  Readme:      README.md
  Homepage:    https://github.com/zxey/cargo-examples
  Description: Run all examples for any locally cloned crate
  Categories:
      command-line-utilities
      development-tools::cargo-plugins
  Keywords:
      cargo
      cargo-subcommand
      cli
      examples
      crates

Dependencies:
    anyhow      :   1.0.65
    tap         :    1.0.1
    xshell      :    0.2.2
    cargo_toml  :   0.14.0
    clap        : version'4.0'features&quot;derive&quot;&quot;foo&quot;

NB: support for ad-hoc nested destructuring (in this case, 'clap') is
under development. In the meantime, we must know the structure ahead
of time to destructure:

clap:
    version:  4.0
    features: derive, foo
