((pre_include)

 (inclusion a
  (with-baddot ./))

 (post_include))
