((pre_include)

 (inclusion a level1)

 (inclusion b level1)

 (midinclude)

 (inclusion c level1)

 (inclusion d level1))