((pre_include)

 (inclusion a level1 ./)

 (inclusion b level1)

 (inclusion c level1 ./)

 (inclusion d level1)

 (post_include))