((pre_include ./)

 (inclusion a)

 (post_include))
