((pre_include ./)

 (inclusion a ./)

 (inclusion b ./)

 (inclusion c ./)

 (inclusion d ./)

 (post_include ./))

