((rule
 (alias runtest_clic_a)
 (action (run %{exe:test_clic.exe} ./))))
